=== MiniMe II soak partial (compact) 2026-09-30T22:16:00-07:00 ===
SOAK_START: 2026-09-30T12:45:46-07:00 (PID 25100 still running)
poll_interval: 2s (full stream local only: docs/lan-monitor.log gitignored)
ignore: DS18 lines
prior_partial: docs/lan-monitor-soak-partial-20260930-1616.log

=== latest status ===
[22:17:48] gw=True presence=idle cpu=160 rssi=-44 up=0d 9h 42m 50s lcd=asleep heapPct=15 ver=1.00.01

=== health ===
overall: healthy
lasting_gw_False: none
MONITOR_STOP: none
GW_REBIND: none
uptime_reset/unexpected_reboot: none (continuous climb to ~9h42m)
monitor_process: alive PID 25100 (lan-monitor-auth.ps1)

=== abnormals since prior partial (after ~16:16 PT) ===
only brief recovered FETCH_FAIL (LAN timeout; next poll gw=True within ~7s):
  [16:32:15] FETCH_FAIL timeout -> recovered gw=True
  [17:02:16] FETCH_FAIL timeout -> recovered gw=True
  [19:23:14] FETCH_FAIL timeout -> recovered gw=True
  [19:29:14] FETCH_FAIL timeout -> recovered gw=True
no lasting FETCH_FAIL; no gw=False; no reconnect storm
